// Vitest Snapshot v1

exports[`Configuration page > should be able correctly render 1`] = `
<div>
  <div
    class="sc-bczRLJ jvcWzg"
  >
    <section>
      <h2>
        configuration:start
      </h2>
      <form>
        <div
          class="sc-dkzDqf FPKVq"
        >
          <input
            placeholder="configuration:insertParticipantsNames"
            type="text"
            value=""
          />
          <button
            disabled=""
            type="submit"
          >
            configuration:add
          </button>
        </div>
      </form>
      <ul />
      <footer
        class="sc-gsnTZi eVxbKh"
      >
        <button
          disabled=""
          type="button"
        >
          configuration:startGame
        </button>
        <img
          alt="shopping bags"
          src="/src/assets/images/bags.svg"
        />
      </footer>
    </section>
  </div>
</div>
`;
